
> openscriptjs@1.0.0 test:run
> vitest run


[1m[46m RUN [49m[22m [36mv4.0.13 [39m[90mC:/Secondary/OpenSource/modular-openscript[39m

 [32mΓ£ô[39m test/State.test.js [2m([22m[2m11 tests[22m[2m)[22m[32m 11[2mms[22m[39m
 [32mΓ£ô[39m test/Broker.test.js [2m([22m[2m7 tests[22m[2m)[22m[32m 14[2mms[22m[39m
 [32mΓ£ô[39m test/Router.test.js [2m([22m[2m2 tests[22m[2m)[22m[32m 7[2mms[22m[39m
 [32mΓ£ô[39m test/Component.test.js [2m([22m[2m9 tests[22m[2m)[22m[32m 24[2mms[22m[39m
 [32mΓ£ô[39m test/MarkupEngine.test.js [2m([22m[2m20 tests[22m[2m)[22m[32m 34[2mms[22m[39m
 [32mΓ£ô[39m test/RunnerSingleton.test.js [2m([22m[2m6 tests[22m[2m)[22m[32m 15[2mms[22m[39m
node.exe : 
At C:\Program 
Files\nodejs\npm.ps1:29 
char:3
+   & $NODE_EXE $NPM_CLI_JS 
$args
+   
~~~~~~~~~~~~~~~~~~~~~~~~~~~~~
    + CategoryInfo           
   : NotSpecified: (:String  
  ) [], RemoteException
    + FullyQualifiedErrorId  
   : NativeCommandError
 
[31mΓÄ»ΓÄ»ΓÄ»ΓÄ»ΓÄ»ΓÄ»[39m
[1m[41m Failed Suites 2 [49
m[22m[31mΓÄ»ΓÄ»ΓÄ»ΓÄ»ΓÄ»ΓÄ»
ΓÄ»[39m

[41m[1m FAIL [22m[49m 
test/Context.test.js[2m [ 
test/Context.test.js ][22m
[41m[1m FAIL [22m[49m tes
t/RegistrationGuard.test.js[
2m [ test/RegistrationGuard.t
est.js ][22m
[31m[1mError[22m: Service 
"h" not registered in 
container[39m
[36m [2mΓ¥»[22m 
Container.resolve src/core/Co
ntainer.js:[2m104:13[22m[3
9m
    [90m102| [39m    
[35mconst[39m service 
[33m=[39m [35mthis[39m[3
3m.[39mservices[33m.[39m[
35mget[39m(name)[33m;[39m
    [90m103| [39m    
[35mif[39m 
([33m![39mservice) {
    [90m104| [39m      
[35mthrow[39m 
[35mnew[39m [33mError[39m
([32m`Service "[39m[36m${
[39mname[36m}[39m[32m" 
not registered in 
container`[39m)[33m;[39m
    [90m   | [39m          
  [31m^[39m
    [90m105| [39m    }
    [90m106| [39m
[90m [2mΓ¥»[22m src/core/A
utoLoader.js:[2m8:21[22m[3
9m
[90m [2mΓ¥»[22m src/index.
js:[2m8:1[22m[39m

[31m[2mΓÄ»ΓÄ»ΓÄ»ΓÄ»ΓÄ»ΓÄ»ΓÄ
»ΓÄ»ΓÄ»ΓÄ»ΓÄ»ΓÄ»ΓÄ»ΓÄ»ΓÄ»ΓÄ»Γ
Ä»ΓÄ»ΓÄ»ΓÄ»ΓÄ»ΓÄ»ΓÄ»ΓÄ»[1/2]Γ
Ä»[22m[39m

[31mΓÄ»ΓÄ»ΓÄ»ΓÄ»ΓÄ»ΓÄ»[39m
[1m[41m Unhandled Errors [4
9m[22m[31mΓÄ»ΓÄ»ΓÄ»ΓÄ»ΓÄ»ΓÄ
»[39m
[31m[1m
Vitest caught 3 unhandled 
errors during the test run.
This might cause false 
positive tests. Resolve 
unhandled errors to make 
sure your tests are not 
affected.[22m[39m

[31mΓÄ»ΓÄ»ΓÄ»ΓÄ»[39m[1m[4
1m Unhandled Rejection [49m
[22m[31mΓÄ»ΓÄ»ΓÄ»ΓÄ»ΓÄ»[39m
[31m[1mError[22m: Service 
"broker" not registered in 
container[39m
[36m [2mΓ¥»[22m 
Container.resolve src/core/Co
ntainer.js:[2m104:13[22m[3
9m
    [90m102| [39m    
[35mconst[39m service 
[33m=[39m [35mthis[39m[3
3m.[39mservices[33m.[39m[
35mget[39m(name)[33m;[39m
    [90m103| [39m    
[35mif[39m 
([33m![39mservice) {
    [90m104| [39m      
[35mthrow[39m 
[35mnew[39m [33mError[39m
([32m`Service "[39m[36m${
[39mname[36m}[39m[32m" 
not registered in 
container`[39m)[33m;[39m
    [90m   | [39m          
  [31m^[39m
    [90m105| [39m    }
    [90m106| [39m
[90m [2mΓ¥»[22m BrokerRegi
strar.registerMethod src/brok
er/BrokerRegistrar.js:[2m67:
17[22m[39m
[90m [2mΓ¥»[22m BrokerRegi
strar.registerNamespace src/b
roker/BrokerRegistrar.js:[2m
34:16[22m[39m
[90m [2mΓ¥»[22m 
BrokerRegistrar.register src/
broker/BrokerRegistrar.js:[2
m51:22[22m[39m
[90m [2mΓ¥»[22m TestCompon
ent.getDeclaredListeners src/
component/Component.js:[2m32
9:8[22m[39m
[90m [2mΓ¥»[22m 
Runner.run src/core/Runner.js
:[2m54:18[22m[39m
[90m [2mΓ¥»[22m test/Runne
rSingleton.test.js:[2m23:20
[22m[39m
[90m [2mΓ¥»[22m node_modul
es/@vitest/runner/dist/index.
js:[2m145:11[22m[39m
[90m [2mΓ¥»[22m node_modul
es/@vitest/runner/dist/index.
js:[2m912:26[22m[39m
[90m [2mΓ¥»[22m node_modul
es/@vitest/runner/dist/index.
js:[2m1237:20[22m[39m

[31mThis error originated 
in "[1mtest/RunnerSingleton.
test.js[22m" test file. It 
doesn't mean the error was 
thrown inside the file 
itself, but while it was 
running.[39m

[31mΓÄ»ΓÄ»ΓÄ»ΓÄ»[39m[1m[4
1m Unhandled Rejection [49m
[22m[31mΓÄ»ΓÄ»ΓÄ»ΓÄ»ΓÄ»[39m
[31m[1mError[22m: Service 
"broker" not registered in 
container[39m
[36m [2mΓ¥»[22m 
Container.resolve src/core/Co
ntainer.js:[2m104:13[22m[3
9m
    [90m102| [39m    
[35mconst[39m service 
[33m=[39m [35mthis[39m[3
3m.[39mservices[33m.[39m[
35mget[39m(name)[33m;[39m
    [90m103| [39m    
[35mif[39m 
([33m![39mservice) {
    [90m104| [39m      
[35mthrow[39m 
[35mnew[39m [33mError[39m
([32m`Service "[39m[36m${
[39mname[36m}[39m[32m" 
not registered in 
container`[39m)[33m;[39m
    [90m   | [39m          
  [31m^[39m
    [90m105| [39m    }
    [90m106| [39m
[90m [2mΓ¥»[22m BrokerRegi
strar.registerMethod src/brok
er/BrokerRegistrar.js:[2m67:
17[22m[39m
[90m [2mΓ¥»[22m BrokerRegi
strar.registerNamespace src/b
roker/BrokerRegistrar.js:[2m
34:16[22m[39m
[90m [2mΓ¥»[22m 
BrokerRegistrar.register src/
broker/BrokerRegistrar.js:[2
m51:22[22m[39m
[90m [2mΓ¥»[22m Component.
getDeclaredListeners src/comp
onent/Component.js:[2m329:8
[22m[39m
[90m [2mΓ¥»[22m 
Runner.run src/core/Runner.js
:[2m54:18[22m[39m
[90m [2mΓ¥»[22m test/Runne
rSingleton.test.js:[2m55:20
[22m[39m
[90m [2mΓ¥»[22m node_modul
es/@vitest/runner/dist/index.
js:[2m145:11[22m[39m
[90m [2mΓ¥»[22m node_modul
es/@vitest/runner/dist/index.
js:[2m912:26[22m[39m
[90m [2mΓ¥»[22m node_modul
es/@vitest/runner/dist/index.
js:[2m1237:20[22m[39m

[31mThis error originated 
in "[1mtest/RunnerSingleton.
test.js[22m" test file. It 
doesn't mean the error was 
thrown inside the file 
itself, but while it was 
running.[39m

[31mΓÄ»ΓÄ»ΓÄ»ΓÄ»[39m[1m[4
1m Unhandled Rejection [49m
[22m[31mΓÄ»ΓÄ»ΓÄ»ΓÄ»ΓÄ»[39m
[31m[1mError[22m: Service 
"broker" not registered in 
container[39m
[36m [2mΓ¥»[22m 
Container.resolve src/core/Co
ntainer.js:[2m104:13[22m[3
9m
    [90m102| [39m    
[35mconst[39m service 
[33m=[39m [35mthis[39m[3
3m.[39mservices[33m.[39m[
35mget[39m(name)[33m;[39m
    [90m103| [39m    
[35mif[39m 
([33m![39mservice) {
    [90m104| [39m      
[35mthrow[39m 
[35mnew[39m [33mError[39m
([32m`Service "[39m[36m${
[39mname[36m}[39m[32m" 
not registered in 
container`[39m)[33m;[39m
    [90m   | [39m          
  [31m^[39m
    [90m105| [39m    }
    [90m106| [39m
[90m [2mΓ¥»[22m BrokerRegi
strar.registerMethod src/brok
er/BrokerRegistrar.js:[2m67:
17[22m[39m
[90m [2mΓ¥»[22m 
BrokerRegistrar.register src/
broker/BrokerRegistrar.js:[2
m55:14[22m[39m
[90m [2mΓ¥»[22m 
TestListener.register src/bro
ker/Listener.js:[2m20:8[22m
[39m
[90m [2mΓ¥»[22m 
Runner.run src/core/Runner.js
:[2m57:24[22m[39m
[90m [2mΓ¥»[22m test/Runne
rSingleton.test.js:[2m82:20
[22m[39m
[90m [2mΓ¥»[22m node_modul
es/@vitest/runner/dist/index.
js:[2m145:11[22m[39m
[90m [2mΓ¥»[22m node_modul
es/@vitest/runner/dist/index.
js:[2m912:26[22m[39m
[90m [2mΓ¥»[22m node_modul
es/@vitest/runner/dist/index.
js:[2m1237:20[22m[39m

[31mThis error originated 
in "[1mtest/RunnerSingleton.
test.js[22m" test file. It 
doesn't mean the error was 
thrown inside the file 
itself, but while it was 
running.[39m
[31mΓÄ»ΓÄ»ΓÄ»ΓÄ»ΓÄ»ΓÄ»ΓÄ»ΓÄ»
ΓÄ»ΓÄ»ΓÄ»ΓÄ»ΓÄ»ΓÄ»ΓÄ»ΓÄ»ΓÄ»ΓÄ
»ΓÄ»ΓÄ»ΓÄ»ΓÄ»ΓÄ»ΓÄ»ΓÄ»ΓÄ»ΓÄ»Γ
Ä»ΓÄ»ΓÄ»[39m


[2m Test Files [22m [1m[31m2 failed[39m[22m[2m | [22m[1m[32m6 passed[39m[22m[90m (8)[39m
[2m      Tests [22m [1m[32m55 passed[39m[22m[90m (55)[39m
[2m     Errors [22m [1m[31m3 errors[39m[22m
[2m   Start at [22m 18:52:00
[2m   Duration [22m 2.07s[2m (transform 922ms, setup 0ms, collect 1.09s, tests 105ms, environment 7.60s, prepare 234ms)[22m

